** Drc report for C:/Users/NewHorizons/Documents/KiCad/KeyboardCardEvent2020/submissions/klackygears/Flying_MX.kicad_pcb **
** Created on  **

** Found 31 DRC errors **
ErrType(19): Pad too close to pad
    @(54.825 mm, 50.800 mm): Pad of MX1 on All copper layers
    @(55.245 mm, 50.800 mm): Pad HOLE of MX1 on All copper layers
ErrType(19): Pad too close to pad
    @(54.825 mm, 70.644 mm): Pad of MX4 on All copper layers
    @(55.245 mm, 70.644 mm): Pad HOLE of MX4 on All copper layers
ErrType(19): Pad too close to pad
    @(60.325 mm, 50.800 mm): Pad HOLE of MX1 on All copper layers
    @(60.325 mm, 50.800 mm): Pad of MX1 on All copper layers
ErrType(19): Pad too close to pad
    @(60.325 mm, 70.644 mm): Pad HOLE of MX4 on All copper layers
    @(60.325 mm, 70.644 mm): Pad of MX4 on All copper layers
ErrType(19): Pad too close to pad
    @(65.405 mm, 50.800 mm): Pad HOLE of MX1 on All copper layers
    @(65.825 mm, 50.800 mm): Pad of MX1 on All copper layers
ErrType(19): Pad too close to pad
    @(65.405 mm, 70.644 mm): Pad HOLE of MX4 on All copper layers
    @(65.825 mm, 70.644 mm): Pad of MX4 on All copper layers
ErrType(19): Pad too close to pad
    @(74.669 mm, 50.800 mm): Pad of MX2 on All copper layers
    @(75.089 mm, 50.800 mm): Pad HOLE of MX2 on All copper layers
ErrType(19): Pad too close to pad
    @(74.669 mm, 70.644 mm): Pad of MX5 on All copper layers
    @(75.089 mm, 70.644 mm): Pad HOLE of MX5 on All copper layers
ErrType(19): Pad too close to pad
    @(80.169 mm, 50.800 mm): Pad HOLE of MX2 on All copper layers
    @(80.169 mm, 50.800 mm): Pad of MX2 on All copper layers
ErrType(19): Pad too close to pad
    @(80.169 mm, 70.644 mm): Pad of MX5 on All copper layers
    @(80.169 mm, 70.644 mm): Pad HOLE of MX5 on All copper layers
ErrType(19): Pad too close to pad
    @(85.249 mm, 50.800 mm): Pad HOLE of MX2 on All copper layers
    @(85.669 mm, 50.800 mm): Pad of MX2 on All copper layers
ErrType(19): Pad too close to pad
    @(85.249 mm, 70.644 mm): Pad HOLE of MX5 on All copper layers
    @(85.669 mm, 70.644 mm): Pad of MX5 on All copper layers
ErrType(19): Pad too close to pad
    @(94.513 mm, 50.800 mm): Pad of MX3 on All copper layers
    @(94.933 mm, 50.800 mm): Pad HOLE of MX3 on All copper layers
ErrType(19): Pad too close to pad
    @(94.513 mm, 70.644 mm): Pad of MX6 on All copper layers
    @(94.933 mm, 70.644 mm): Pad HOLE of MX6 on All copper layers
ErrType(19): Pad too close to pad
    @(100.013 mm, 50.800 mm): Pad HOLE of MX3 on All copper layers
    @(100.013 mm, 50.800 mm): Pad of MX3 on All copper layers
ErrType(19): Pad too close to pad
    @(100.013 mm, 70.644 mm): Pad HOLE of MX6 on All copper layers
    @(100.013 mm, 70.644 mm): Pad of MX6 on All copper layers
ErrType(19): Pad too close to pad
    @(105.093 mm, 50.800 mm): Pad HOLE of MX3 on All copper layers
    @(105.513 mm, 50.800 mm): Pad of MX3 on All copper layers
ErrType(19): Pad too close to pad
    @(105.093 mm, 70.644 mm): Pad HOLE of MX6 on All copper layers
    @(105.513 mm, 70.644 mm): Pad of MX6 on All copper layers
ErrType(51): Drilled holes too close together
    @(105.093 mm, 70.644 mm): Pad HOLE of MX6 on All copper layers
    @(105.513 mm, 70.644 mm): Pad of MX6 on All copper layers
ErrType(51): Drilled holes too close together
    @(94.933 mm, 70.644 mm): Pad HOLE of MX6 on All copper layers
    @(94.513 mm, 70.644 mm): Pad of MX6 on All copper layers
ErrType(51): Drilled holes too close together
    @(85.249 mm, 70.644 mm): Pad HOLE of MX5 on All copper layers
    @(85.669 mm, 70.644 mm): Pad of MX5 on All copper layers
ErrType(51): Drilled holes too close together
    @(75.089 mm, 70.644 mm): Pad HOLE of MX5 on All copper layers
    @(74.669 mm, 70.644 mm): Pad of MX5 on All copper layers
ErrType(51): Drilled holes too close together
    @(65.405 mm, 70.644 mm): Pad HOLE of MX4 on All copper layers
    @(65.825 mm, 70.644 mm): Pad of MX4 on All copper layers
ErrType(51): Drilled holes too close together
    @(55.245 mm, 70.644 mm): Pad HOLE of MX4 on All copper layers
    @(54.825 mm, 70.644 mm): Pad of MX4 on All copper layers
ErrType(51): Drilled holes too close together
    @(105.093 mm, 50.800 mm): Pad HOLE of MX3 on All copper layers
    @(105.513 mm, 50.800 mm): Pad of MX3 on All copper layers
ErrType(51): Drilled holes too close together
    @(94.933 mm, 50.800 mm): Pad HOLE of MX3 on All copper layers
    @(94.513 mm, 50.800 mm): Pad of MX3 on All copper layers
ErrType(51): Drilled holes too close together
    @(85.249 mm, 50.800 mm): Pad HOLE of MX2 on All copper layers
    @(85.669 mm, 50.800 mm): Pad of MX2 on All copper layers
ErrType(51): Drilled holes too close together
    @(75.089 mm, 50.800 mm): Pad HOLE of MX2 on All copper layers
    @(74.669 mm, 50.800 mm): Pad of MX2 on All copper layers
ErrType(51): Drilled holes too close together
    @(65.405 mm, 50.800 mm): Pad HOLE of MX1 on All copper layers
    @(65.825 mm, 50.800 mm): Pad of MX1 on All copper layers
ErrType(51): Drilled holes too close together
    @(55.245 mm, 50.800 mm): Pad HOLE of MX1 on All copper layers
    @(54.825 mm, 50.800 mm): Pad of MX1 on All copper layers
ErrType(47): Footprint has incorrect courtyard (not a closed shape)
    @(124.300 mm, 31.600 mm): Footprint USB1 on F.Cu

** Found 3 unconnected pads **
ErrType(2): Unconnected items
    @(120.650 mm, 36.100 mm): Pad 6 of USB1 on All copper layers
    @(120.650 mm, 31.600 mm): Pad 6 of USB1 on All copper layers
ErrType(2): Unconnected items
    @(127.950 mm, 31.600 mm): Pad 6 of USB1 on All copper layers
    @(127.950 mm, 36.100 mm): Pad 6 of USB1 on All copper layers
ErrType(2): Unconnected items
    @(120.650 mm, 31.600 mm): Pad 6 of USB1 on All copper layers
    @(127.950 mm, 31.600 mm): Pad 6 of USB1 on All copper layers

** End of Report **
